[INFO] Scanning for projects...
[INFO] 
[INFO] --------------------< dk.dtu:simple-dtu-pay-client >--------------------
[INFO] Building Simple DTU Pay - Cucumber Test Client 1.0-SNAPSHOT
[INFO]   from pom.xml
[INFO] --------------------------------[ jar ]---------------------------------
[INFO] 
[INFO] --- clean:3.2.0:clean (default-clean) @ simple-dtu-pay-client ---
[INFO] Deleting C:\Users\valne\IdeaProjects\simple-dtu-pay\simple_dtu_pay_client\target
[INFO] 
[INFO] --- jaxws:4.0.3:wsimport (default) @ simple-dtu-pay-client ---
[INFO] Processing: http://fm-00.compute.dtu.dk/services/BankService?wsdl
[INFO] jaxws:wsimport args: [-keep, -s, 'C:\Users\valne\IdeaProjects\simple-dtu-pay\simple_dtu_pay_client\src\main\java', -d, 'C:\Users\valne\IdeaProjects\simple-dtu-pay\simple_dtu_pay_client\target\classes', -encoding, UTF-8, -Xnocompile, -p, dtu.ws.fastmoney, "http://fm-00.compute.dtu.dk/services/BankService?wsdl"]
parsing WSDL...

Generating code...
[INFO] 
[INFO] --- resources:3.3.1:resources (default-resources) @ simple-dtu-pay-client ---
[INFO] skip non existing resourceDirectory C:\Users\valne\IdeaProjects\simple-dtu-pay\simple_dtu_pay_client\src\main\resources
[INFO] 
[INFO] --- compiler:3.13.0:compile (default-compile) @ simple-dtu-pay-client ---
[INFO] Recompiling the module because of changed source code.
[INFO] Compiling 30 source files with javac [debug target 21] to target\classes
[INFO] /C:/Users/valne/IdeaProjects/simple-dtu-pay/simple_dtu_pay_client/src/main/java/dtu/ws/fastmoney/BankService_Service.java: C:\Users\valne\IdeaProjects\simple-dtu-pay\simple_dtu_pay_client\src\main\java\dtu\ws\fastmoney\BankService_Service.java uses or overrides a deprecated API.
[INFO] /C:/Users/valne/IdeaProjects/simple-dtu-pay/simple_dtu_pay_client/src/main/java/dtu/ws/fastmoney/BankService_Service.java: Recompile with -Xlint:deprecation for details.
[INFO] /C:/Users/valne/IdeaProjects/simple-dtu-pay/simple_dtu_pay_client/src/main/java/dk/dtu/service/CustomerClient.java: C:\Users\valne\IdeaProjects\simple-dtu-pay\simple_dtu_pay_client\src\main\java\dk\dtu\service\CustomerClient.java uses unchecked or unsafe operations.
[INFO] /C:/Users/valne/IdeaProjects/simple-dtu-pay/simple_dtu_pay_client/src/main/java/dk/dtu/service/CustomerClient.java: Recompile with -Xlint:unchecked for details.
[INFO] 
[INFO] --- resources:3.3.1:testResources (default-testResources) @ simple-dtu-pay-client ---
[INFO] Copying 4 resources from src\test\resources to target\test-classes
[INFO] 
[INFO] --- compiler:3.13.0:testCompile (default-testCompile) @ simple-dtu-pay-client ---
[INFO] Recompiling the module because of changed dependency.
[INFO] Compiling 5 source files with javac [debug target 21] to target\test-classes
[INFO] 
[INFO] --- surefire:3.5.0:test (default-test) @ simple-dtu-pay-client ---
[INFO] Using auto detected provider org.apache.maven.surefire.junit4.JUnit4Provider
[INFO] 
[INFO] -------------------------------------------------------
[INFO]  T E S T S
[INFO] -------------------------------------------------------
[INFO] Running dk.dtu.CucumberTest

Scenario: Customer requests token issuance                                # src/test/resources/Token.feature:3
  Given a customer with name "Alice", CPR "111111-1111", and balance 1000 # dk.dtu.steps.PaymentSteps.createCustomer(java.lang.String,java.lang.String,int)
  When the customer requests 3 tokens                                     # dk.dtu.steps.TokenSteps.theCustomerRequestsTokens(int)
  Then a request id is returned                                           # dk.dtu.steps.TokenSteps.aRequestIdIsReturned()

Scenario: Customer requests token list                               # src/test/resources/Token.feature:8
  Given a customer with name "Bob", CPR "222222-2222", and balance 0 # dk.dtu.steps.PaymentSteps.createCustomer(java.lang.String,java.lang.String,int)
  When the customer requests their token list                        # dk.dtu.steps.TokenSteps.theCustomerRequestsTheirTokenList()
  Then a request id is returned                                      # dk.dtu.steps.TokenSteps.aRequestIdIsReturned()

Scenario: Token service issues a token                                   # src/test/resources/Token.feature:13
  Given a customer with name "Charlie", CPR "333333-3333", and balance 0 # dk.dtu.steps.PaymentSteps.createCustomer(java.lang.String,java.lang.String,int)
  When the test creates a token for the customer                         # dk.dtu.steps.TokenSteps.the_test_creates_a_token_for_the_customer()
      io.cucumber.java.PendingException: TODO: implement me
	at dk.dtu.steps.TokenSteps.the_test_creates_a_token_for_the_customer(TokenSteps.java:61)
	at ?.the test creates a token for the customer(file:///C:/Users/valne/IdeaProjects/simple-dtu-pay/simple_dtu_pay_client/src/test/resources/Token.feature:15)

  Then a token is returned                                               # dk.dtu.steps.TokenSteps.a_token_is_returned()

Scenario: Manager retrieves a report of payments                                   # src/test/resources/manager_report.feature:3
  Given a customer with name "Alice", CPR "123456-0001", and balance 1000          # dk.dtu.steps.PaymentSteps.createCustomer(java.lang.String,java.lang.String,int)
  And a merchant with name "ShopOne", CPR "123456-0002", and balance 1000          # dk.dtu.steps.PaymentSteps.createMerchant(java.lang.String,java.lang.String,int)
  And the customer has a valid token                                               # dk.dtu.steps.PaymentSteps.customerHasValidToken()
  When the merchant initiates a payment for 200 kr by the customer using the token # dk.dtu.steps.PaymentSteps.makePayment(int)
  And the manager requests the report                                              # dk.dtu.steps.ManagerReportSteps.managerRequestsReport()
  Then the report contains the payment of 200 kr                                   # dk.dtu.steps.ManagerReportSteps.verifyReportContainsPayment(int)

Scenario: Successful Payment using the Bank                                        # src/test/resources/payment.feature:3
  Given a customer with name "Alice", CPR "111111-1111", and balance 1000          # dk.dtu.steps.PaymentSteps.createCustomer(java.lang.String,java.lang.String,int)
  And a merchant with name "Bob", CPR "222222-2222", and balance 1000              # dk.dtu.steps.PaymentSteps.createMerchant(java.lang.String,java.lang.String,int)
  And the customer has a valid token                                               # dk.dtu.steps.PaymentSteps.customerHasValidToken()
  When the merchant initiates a payment for 100 kr by the customer using the token # dk.dtu.steps.PaymentSteps.makePayment(int)
  Then the payment is successful                                                   # dk.dtu.steps.PaymentSteps.verifySuccess()
  And the balance of the customer at the bank is 900 kr                            # dk.dtu.steps.PaymentSteps.verifyCustomerBalance(int)
  And the balance of the merchant at the bank is 1100 kr                           # dk.dtu.steps.PaymentSteps.verifyMerchantBalance(int)

Scenario: Payment is rejected without a token                                      # src/test/resources/payment.feature:13
  Given a customer with name "Alice", CPR "111111-1111", and balance 1000          # dk.dtu.steps.PaymentSteps.createCustomer(java.lang.String,java.lang.String,int)
  And a merchant with name "Bob", CPR "222222-2222", and balance 1000              # dk.dtu.steps.PaymentSteps.createMerchant(java.lang.String,java.lang.String,int)
  When the merchant initiates a payment for 100 kr by the customer without a token # dk.dtu.steps.PaymentSteps.makePaymentWithoutToken(int)
  Then the payment is rejected
  And the balance of the customer at the bank is 1000 kr                           # dk.dtu.steps.PaymentSteps.verifyCustomerBalance(int)
  And the balance of the merchant at the bank is 1000 kr                           # dk.dtu.steps.PaymentSteps.verifyMerchantBalance(int)

Pending scenarios:
file:///C:/Users/valne/IdeaProjects/simple-dtu-pay/simple_dtu_pay_client/src/test/resources/Token.feature:13 # Token service issues a token

Undefined scenarios:
file:///C:/Users/valne/IdeaProjects/simple-dtu-pay/simple_dtu_pay_client/src/test/resources/payment.feature:13 # Payment is rejected without a token

6 Scenarios (1 pending, 1 undefined, 4 passed)
28 Steps (3 skipped, 1 pending, 1 undefined, 23 passed)
0m2.537s


io.cucumber.java.PendingException: TODO: implement me
	at dk.dtu.steps.TokenSteps.the_test_creates_a_token_for_the_customer(TokenSteps.java:61)
	at ?.the test creates a token for the customer(file:///C:/Users/valne/IdeaProjects/simple-dtu-pay/simple_dtu_pay_client/src/test/resources/Token.feature:15)


You can implement missing steps with the snippets below:

@Then("the payment is rejected")
public void the_payment_is_rejected() {
    // Write code here that turns the phrase above into concrete actions
    throw new io.cucumber.java.PendingException();
}


[ERROR] Tests run: 6, Failures: 0, Errors: 2, Skipped: 0, Time elapsed: 2.855 s <<< FAILURE! -- in dk.dtu.CucumberTest
[ERROR] Token.Token service issues a token -- Time elapsed: 0.102 s <<< ERROR!
io.cucumber.java.PendingException: TODO: implement me
	at dk.dtu.steps.TokenSteps.the_test_creates_a_token_for_the_customer(TokenSteps.java:61)
	at ?.the test creates a token for the customer(file:///C:/Users/valne/IdeaProjects/simple-dtu-pay/simple_dtu_pay_client/src/test/resources/Token.feature:15)

[ERROR] Payment.Payment is rejected without a token -- Time elapsed: 0.178 s <<< ERROR!
io.cucumber.junit.UndefinedStepException: 
The step 'the payment is rejected' is undefined.
You can implement this step using the snippet(s) below:

@Then("the payment is rejected")
public void the_payment_is_rejected() {
    // Write code here that turns the phrase above into concrete actions
    throw new io.cucumber.java.PendingException();
}


[INFO] 
[INFO] Results:
[INFO] 
[ERROR] Errors: 
[ERROR]   The step 'the payment is rejected' is undefined.
You can implement this step using the snippet(s) below:

@Then("the payment is rejected")
public void the_payment_is_rejected() {
    // Write code here that turns the phrase above into concrete actions
    throw new io.cucumber.java.PendingException();
}

[ERROR]   TODO: implement me
[INFO] 
[ERROR] Tests run: 6, Failures: 0, Errors: 2, Skipped: 0
[INFO] 
[INFO] ------------------------------------------------------------------------
[INFO] BUILD FAILURE
[INFO] ------------------------------------------------------------------------
[INFO] Total time:  10.114 s
[INFO] Finished at: 2026-01-21T14:51:43+01:00
[INFO] ------------------------------------------------------------------------
[ERROR] Failed to execute goal org.apache.maven.plugins:maven-surefire-plugin:3.5.0:test (default-test) on project simple-dtu-pay-client: 
[ERROR] 
[ERROR] Please refer to C:\Users\valne\IdeaProjects\simple-dtu-pay\simple_dtu_pay_client\target\surefire-reports for the individual test results.
[ERROR] Please refer to dump files (if any exist) [date].dump, [date]-jvmRun[N].dump and [date].dumpstream.
[ERROR] -> [Help 1]
[ERROR] 
[ERROR] To see the full stack trace of the errors, re-run Maven with the -e switch.
[ERROR] Re-run Maven using the -X switch to enable full debug logging.
[ERROR] 
[ERROR] For more information about the errors and possible solutions, please read the following articles:
[ERROR] [Help 1] http://cwiki.apache.org/confluence/display/MAVEN/MojoFailureException
